bundler: failed to load command: ./bin/rails (./bin/rails)
/app/vendor/bundle/ruby/3.2.0/gems/bundler-2.4.10/lib/bundler/definition.rb:524:in `materialize': Could not find rails-8.0.5, rails-i18n-8.1.0, responders-3.2.0, jquery-rails-4.6.1, font-awesome-rails-4.7.0.9, rails3-jquery-autocomplete-1.0.15, rails_autolink-1.1.8, rspec-rails-7.1.1, factory_bot_rails-6.5.1, sassc-rails-2.1.2, coffee-rails-5.0.0, devise-5.0.3, devise-i18n-1.15.0, devise-encryptable-0.2.0, devise-security-0.18.0, bootstrap-5.2.3, solid_queue-1.4.0, railties-8.0.5, irb-1.17.0, rdoc-7.2.0, psych-5.3.1 in locally installed gems (Bundler::GemNotFound)
	from /app/vendor/bundle/ruby/3.2.0/gems/bundler-2.4.10/lib/bundler/definition.rb:197:in `specs'
	from /app/vendor/bundle/ruby/3.2.0/gems/bundler-2.4.10/lib/bundler/definition.rb:254:in `specs_for'
	from /app/vendor/bundle/ruby/3.2.0/gems/bundler-2.4.10/lib/bundler/runtime.rb:18:in `setup'
	from /app/vendor/bundle/ruby/3.2.0/gems/bundler-2.4.10/lib/bundler.rb:171:in `setup'
	from /app/vendor/bundle/ruby/3.2.0/gems/bundler-2.4.10/lib/bundler/setup.rb:23:in `block in <top (required)>'
	from /app/vendor/bundle/ruby/3.2.0/gems/bundler-2.4.10/lib/bundler/ui/shell.rb:159:in `with_level'
	from /app/vendor/bundle/ruby/3.2.0/gems/bundler-2.4.10/lib/bundler/ui/shell.rb:111:in `silence'
	from /app/vendor/bundle/ruby/3.2.0/gems/bundler-2.4.10/lib/bundler/setup.rb:23:in `<top (required)>'
	from /app/vendor/bundle/ruby/3.2.0/gems/bundler-2.4.10/lib/bundler/cli/exec.rb:56:in `require_relative'
	from /app/vendor/bundle/ruby/3.2.0/gems/bundler-2.4.10/lib/bundler/cli/exec.rb:56:in `kernel_load'
	from /app/vendor/bundle/ruby/3.2.0/gems/bundler-2.4.10/lib/bundler/cli/exec.rb:23:in `run'
	from /app/vendor/bundle/ruby/3.2.0/gems/bundler-2.4.10/lib/bundler/cli.rb:492:in `exec'
	from /app/vendor/bundle/ruby/3.2.0/gems/bundler-2.4.10/lib/bundler/vendor/thor/lib/thor/command.rb:27:in `run'
	from /app/vendor/bundle/ruby/3.2.0/gems/bundler-2.4.10/lib/bundler/vendor/thor/lib/thor/invocation.rb:127:in `invoke_command'
	from /app/vendor/bundle/ruby/3.2.0/gems/bundler-2.4.10/lib/bundler/vendor/thor/lib/thor.rb:392:in `dispatch'
	from /app/vendor/bundle/ruby/3.2.0/gems/bundler-2.4.10/lib/bundler/cli.rb:34:in `dispatch'
	from /app/vendor/bundle/ruby/3.2.0/gems/bundler-2.4.10/lib/bundler/vendor/thor/lib/thor/base.rb:485:in `start'
	from /app/vendor/bundle/ruby/3.2.0/gems/bundler-2.4.10/lib/bundler/cli.rb:28:in `start'
	from /app/vendor/bundle/ruby/3.2.0/gems/bundler-2.4.10/exe/bundle:45:in `block in <top (required)>'
	from /app/vendor/bundle/ruby/3.2.0/gems/bundler-2.4.10/lib/bundler/friendly_errors.rb:117:in `with_friendly_errors'
	from /app/vendor/bundle/ruby/3.2.0/gems/bundler-2.4.10/exe/bundle:33:in `<top (required)>'
	from /usr/local/bin/bundle:25:in `load'
	from /usr/local/bin/bundle:25:in `<main>'
